desc: --massif-out-file=/home/caedmual/Escritorio/Sistemas7/HPC/repo/HPC/case2/profiling/output/massif_memoria_3000.out
cmd: /home/caedmual/Escritorio/Sistemas7/HPC/repo/HPC/case2/profiling/memoria_massif 3000 1 123456789
time_unit: i
#-----------
snapshot=0
#-----------
time=0
mem_heap_B=0
mem_heap_extra_B=0
mem_stacks_B=0
heap_tree=empty
#-----------
snapshot=1
#-----------
time=202923
mem_heap_B=36000000
mem_heap_extra_B=3784
mem_stacks_B=0
heap_tree=empty
#-----------
snapshot=2
#-----------
time=202964
mem_heap_B=72000000
mem_heap_extra_B=7568
mem_stacks_B=0
heap_tree=empty
#-----------
snapshot=3
#-----------
time=203005
mem_heap_B=108000000
mem_heap_extra_B=11352
mem_stacks_B=0
heap_tree=empty
#-----------
snapshot=4
#-----------
time=1084507567230
mem_heap_B=108004096
mem_heap_extra_B=11360
mem_stacks_B=0
heap_tree=empty
#-----------
snapshot=5
#-----------
time=1084507567527
mem_heap_B=108004096
mem_heap_extra_B=11360
mem_stacks_B=0
heap_tree=peak
n4: 108004096 (heap allocation functions) malloc/new/new[], --alloc-fns, etc.
 n1: 36000000 0x10959C: allocate_matrices (NoHilosCache.c:68)
  n0: 36000000 0x109A55: main (NoHilosCache.c:145)
 n1: 36000000 0x1095B2: allocate_matrices (NoHilosCache.c:69)
  n0: 36000000 0x109A55: main (NoHilosCache.c:145)
 n1: 36000000 0x1095C8: allocate_matrices (NoHilosCache.c:70)
  n0: 36000000 0x109A55: main (NoHilosCache.c:145)
 n0: 4096 in 1 place, below massif's threshold (1.00%)
#-----------
snapshot=6
#-----------
time=1084507567527
mem_heap_B=72004096
mem_heap_extra_B=7576
mem_stacks_B=0
heap_tree=empty
#-----------
snapshot=7
#-----------
time=1084507567558
mem_heap_B=36004096
mem_heap_extra_B=3792
mem_stacks_B=0
heap_tree=empty
#-----------
snapshot=8
#-----------
time=1084507567589
mem_heap_B=4096
mem_heap_extra_B=8
mem_stacks_B=0
heap_tree=empty
#-----------
snapshot=9
#-----------
time=1084507570692
mem_heap_B=0
mem_heap_extra_B=0
mem_stacks_B=0
heap_tree=empty
